// Jest Snapshot v1, https://goo.gl/fbAQLP

exports[`should generate a not found page component 1`] = `
<div>
  404! - 
  <Link
    to="/"
  >
    Go Home
  </Link>
</div>
`;
